Thread number: 128, segment number: 4194304, execution time, 0.357759, result: 39.8671121783
Thread number: 128, segment number: 8388608, execution time, 0.694738, result: 39.8671121783
Thread number: 128, segment number: 16777216, execution time, 1.409338, result: 39.8671121783
Thread number: 128, segment number: 33554432, execution time, 2.795229, result: 39.8671121783
Thread number: 128, segment number: 67108864, execution time, 5.550434, result: 39.8671121783
Thread number: 128, segment number: 134217728, execution time, 11.157445, result: 39.8671121783
Thread number: 160, segment number: 262144, execution time, 0.107514, result: 39.8671121783
Thread number: 160, segment number: 524288, execution time, 0.031971, result: 39.8671121783
Thread number: 160, segment number: 1048576, execution time, 0.062836, result: 39.8671121783
Thread number: 160, segment number: 2097152, execution time, 0.124783, result: 39.8671121783
Thread number: 160, segment number: 4194304, execution time, 0.250452, result: 39.8671121783
Thread number: 160, segment number: 8388608, execution time, 0.507344, result: 39.8671121783
Thread number: 160, segment number: 16777216, execution time, 1.008301, result: 39.8671121783
Thread number: 160, segment number: 33554432, execution time, 2.049299, result: 39.8671121783
Thread number: 160, segment number: 67108864, execution time, 4.126998, result: 39.8671121783
Thread number: 160, segment number: 134217728, execution time, 8.106064, result: 39.8671121783


PS:

Read file <task1.out.816213.err> for stderr output of this job.

[edu-cmc-skpod21-321-13@polus-ib working_catalog]$ clear

[edu-cmc-skpod21-321-13@polus-ib working_catalog]$ cat task1.out.816213.out
Sender: LSF System <lsfadmin@polus-c4-ib.bmc.hpc.cs.msu.ru>
Subject: Job 816213: <# LSBATCH: User input;# this file was automaticly created by mpisubmit.pl script for edu-cmc-skpod21-321-13 #;source /polusfs/setenv/setup.SMPI;#BSUB -n 1;#BSUB -W 00:15;#BSUB -o task1.out.%J.out;#BSUB -e task1.out.%J.err;OMP_NUM_THREADS=1 mpiexec ./task1.out 1;OMP_NUM_THREADS=2 mpiexec ./task1.out 2;OMP_NUM_THREADS=4 mpiexec ./task1.out 4;OMP_NUM_THREADS=8 mpiexec ./task1.out 8;OMP_NUM_THREADS=16 mpiexec ./task1.out 16;OMP_NUM_THREADS=32 mpiexec ./task1.out 32;OMP_NUM_THREADS=64 mpiexec ./task1.out 64;OMP_NUM_THREADS=128 mpiexec ./task1.out 128;OMP_NUM_THREADS=160 mpiexec ./task1.out 160> in cluster <MSUCluster> Done

Job <# LSBATCH: User input;# this file was automaticly created by mpisubmit.pl script for edu-cmc-skpod21-321-13 #;source /polusfs/setenv/setup.SMPI;#BSUB -n 1;#BSUB -W 00:15;#BSUB -o task1.out.%J.out;#BSUB -e task1.out.%J.err;OMP_NUM_THREADS=1 mpiexec ./task1.out 1;OMP_NUM_THREADS=2 mpiexec ./task1.out 2;OMP_NUM_THREADS=4 mpiexec ./task1.out 4;OMP_NUM_THREADS=8 mpiexec ./task1.out 8;OMP_NUM_THREADS=16 mpiexec ./task1.out 16;OMP_NUM_THREADS=32 mpiexec ./task1.out 32;OMP_NUM_THREADS=64 mpiexec ./task1.out 64;OMP_NUM_THREADS=128 mpiexec ./task1.out 128;OMP_NUM_THREADS=160 mpiexec ./task1.out 160> was submitted from host <polus-ib.bmc.hpc.cs.msu.ru> by user <edu-cmc-skpod21-321-13> in cluster <MSUCluster> at Sat Nov 13 11:34:28 2021
Job was executed on host(s) <polus-c4-ib.bmc.hpc.cs.msu.ru>, in queue <short>, as user <edu-cmc-skpod21-321-13> in cluster <MSUCluster> at Sat Nov 13 11:34:28 2021
</home_edu/edu-cmc-skpod21-321/edu-cmc-skpod21-321-13> was used as the home directory.
</home_edu/edu-cmc-skpod21-321/edu-cmc-skpod21-321-13/working_catalog> was used as the working directory.
Started at Sat Nov 13 11:34:28 2021
Terminated at Sat Nov 13 11:46:45 2021
Results reported at Sat Nov 13 11:46:45 2021

Your job looked like:

------------------------------------------------------------
# LSBATCH: User input
# LSBATCH: User input
# this file was automaticly created by mpisubmit.pl script for edu-cmc-skpod21-321-13 #
source /polusfs/setenv/setup.SMPI
#BSUB -n 1
#BSUB -W 00:15
#BSUB -o task1.out.%J.out
#BSUB -e task1.out.%J.err
OMP_NUM_THREADS=1 mpiexec ./task1.out 1
OMP_NUM_THREADS=2 mpiexec ./task1.out 2
OMP_NUM_THREADS=4 mpiexec ./task1.out 4
OMP_NUM_THREADS=8 mpiexec ./task1.out 8
OMP_NUM_THREADS=16 mpiexec ./task1.out 16
OMP_NUM_THREADS=32 mpiexec ./task1.out 32
OMP_NUM_THREADS=64 mpiexec ./task1.out 64
OMP_NUM_THREADS=128 mpiexec ./task1.out 128
OMP_NUM_THREADS=160 mpiexec ./task1.out 160


------------------------------------------------------------

Successfully completed.

Resource usage summary:

    CPU time :                                   6848.30 sec.
    Max Memory :                                 39 MB
    Average Memory :                             21.20 MB
    Total Requested Memory :                     -
    Delta Memory :                               -
    Max Swap :                                   -
    Max Processes :                              5
    Max Threads :                                169
    Run time :                                   737 sec.
    Turnaround time :                            737 sec.

The output (if any) follows:

Thread number: 1, segment number: 262144, execution time, 0.326717, result: 39.8671121783
Thread number: 1, segment number: 524288, execution time, 0.638496, result: 39.8671121783
Thread number: 1, segment number: 1048576, execution time, 1.277864, result: 39.8671121783
Thread number: 1, segment number: 2097152, execution time, 2.558085, result: 39.8671121783
Thread number: 1, segment number: 4194304, execution time, 5.110295, result: 39.8671121783
Thread number: 1, segment number: 8388608, execution time, 10.262784, result: 39.8671121783
Thread number: 1, segment number: 16777216, execution time, 20.534931, result: 39.8671121783
Thread number: 1, segment number: 33554432, execution time, 41.062169, result: 39.8671121783
Thread number: 1, segment number: 67108864, execution time, 82.160681, result: 39.8671121783
Thread number: 1, segment number: 134217728, execution time, 164.443755, result: 39.8671121783
Thread number: 2, segment number: 262144, execution time, 0.169688, result: 39.8671121783
Thread number: 2, segment number: 524288, execution time, 0.324561, result: 39.8671121783
Thread number: 2, segment number: 1048576, execution time, 0.649458, result: 39.8671121783
Thread number: 2, segment number: 2097152, execution time, 1.298188, result: 39.8671121783
Thread number: 2, segment number: 4194304, execution time, 2.595157, result: 39.8671121783
Thread number: 2, segment number: 8388608, execution time, 5.190417, result: 39.8671121783
Thread number: 2, segment number: 16777216, execution time, 10.380563, result: 39.8671121783
Thread number: 2, segment number: 33554432, execution time, 20.769113, result: 39.8671121783
Thread number: 2, segment number: 67108864, execution time, 41.561316, result: 39.8671121783
Thread number: 2, segment number: 134217728, execution time, 83.120461, result: 39.8671121783
Thread number: 4, segment number: 262144, execution time, 0.091260, result: 39.8671121783
Thread number: 4, segment number: 524288, execution time, 0.167370, result: 39.8671121783
Thread number: 4, segment number: 1048576, execution time, 0.334726, result: 39.8671121783
Thread number: 4, segment number: 2097152, execution time, 0.669468, result: 39.8671121783
Thread number: 4, segment number: 4194304, execution time, 1.338318, result: 39.8671121783
Thread number: 4, segment number: 8388608, execution time, 2.676453, result: 39.8671121783
Thread number: 4, segment number: 16777216, execution time, 5.354530, result: 39.8671121783
Thread number: 4, segment number: 33554432, execution time, 10.708610, result: 39.8671121783
Thread number: 4, segment number: 67108864, execution time, 21.434935, result: 39.8671121783
Thread number: 4, segment number: 134217728, execution time, 42.880889, result: 39.8671121783
Thread number: 8, segment number: 262144, execution time, 0.051351, result: 39.8671121783
Thread number: 8, segment number: 524288, execution time, 0.087166, result: 39.8671121783
Thread number: 8, segment number: 1048576, execution time, 0.174437, result: 39.8671121783
Thread number: 8, segment number: 2097152, execution time, 0.349201, result: 39.8671121783
Thread number: 8, segment number: 4194304, execution time, 0.699979, result: 39.8671121783
Thread number: 8, segment number: 8388608, execution time, 1.400667, result: 39.8671121783
Thread number: 8, segment number: 16777216, execution time, 2.795950, result: 39.8671121783
Thread number: 8, segment number: 33554432, execution time, 5.579524, result: 39.8671121783
Thread number: 8, segment number: 67108864, execution time, 11.176195, result: 39.8671121783
Thread number: 8, segment number: 134217728, execution time, 22.401570, result: 39.8671121783
Thread number: 16, segment number: 262144, execution time, 0.036338, result: 39.8671121783
Thread number: 16, segment number: 524288, execution time, 0.056980, result: 39.8671121783
Thread number: 16, segment number: 1048576, execution time, 0.114051, result: 39.8671121783
Thread number: 16, segment number: 2097152, execution time, 0.228012, result: 39.8671121783
Thread number: 16, segment number: 4194304, execution time, 0.456690, result: 39.8671121783
Thread number: 16, segment number: 8388608, execution time, 0.913063, result: 39.8671121783
Thread number: 16, segment number: 16777216, execution time, 1.825885, result: 39.8671121783
Thread number: 16, segment number: 33554432, execution time, 3.652368, result: 39.8671121783
Thread number: 16, segment number: 67108864, execution time, 7.299220, result: 39.8671121783
Thread number: 16, segment number: 134217728, execution time, 14.541861, result: 39.8671121783
Thread number: 32, segment number: 262144, execution time, 0.030746, result: 39.8671121783
Thread number: 32, segment number: 524288, execution time, 0.043892, result: 39.8671121783
Thread number: 32, segment number: 1048576, execution time, 0.087784, result: 39.8671121783
Thread number: 32, segment number: 2097152, execution time, 0.175628, result: 39.8671121783
Thread number: 32, segment number: 4194304, execution time, 0.351090, result: 39.8671121783
Thread number: 32, segment number: 8388608, execution time, 0.702509, result: 39.8671121783
Thread number: 32, segment number: 16777216, execution time, 1.404842, result: 39.8671121783
Thread number: 32, segment number: 33554432, execution time, 2.808867, result: 39.8671121783
Thread number: 32, segment number: 67108864, execution time, 5.617579, result: 39.8671121783
Thread number: 32, segment number: 134217728, execution time, 11.236339, result: 39.8671121783
Thread number: 64, segment number: 262144, execution time, 0.034532, result: 39.8671121783
Thread number: 64, segment number: 524288, execution time, 0.036859, result: 39.8671121783
Thread number: 64, segment number: 1048576, execution time, 0.074014, result: 39.8671121783
Thread number: 64, segment number: 2097152, execution time, 0.147380, result: 39.8671121783
Thread number: 64, segment number: 4194304, execution time, 0.294715, result: 39.8671121783
Thread number: 64, segment number: 8388608, execution time, 0.589676, result: 39.8671121783
Thread number: 64, segment number: 16777216, execution time, 1.179477, result: 39.8671121783
Thread number: 64, segment number: 33554432, execution time, 2.359704, result: 39.8671121783
Thread number: 64, segment number: 67108864, execution time, 4.721817, result: 39.8671121783
Thread number: 64, segment number: 134217728, execution time, 9.455864, result: 39.8671121783
Thread number: 128, segment number: 262144, execution time, 0.062436, result: 39.8671121783
Thread number: 128, segment number: 524288, execution time, 0.043370, result: 39.8671121783
Thread number: 128, segment number: 1048576, execution time, 0.089055, result: 39.8671121783
Thread number: 128, segment number: 2097152, execution time, 0.173665, result: 39.8671121783
Thread number: 128, segment number: 4194304, execution time, 0.357759, result: 39.8671121783
Thread number: 128, segment number: 8388608, execution time, 0.694738, result: 39.8671121783
Thread number: 128, segment number: 16777216, execution time, 1.409338, result: 39.8671121783
Thread number: 128, segment number: 33554432, execution time, 2.795229, result: 39.8671121783
Thread number: 128, segment number: 67108864, execution time, 5.550434, result: 39.8671121783
Thread number: 128, segment number: 134217728, execution time, 11.157445, result: 39.8671121783
Thread number: 160, segment number: 262144, execution time, 0.107514, result: 39.8671121783
Thread number: 160, segment number: 524288, execution time, 0.031971, result: 39.8671121783
Thread number: 160, segment number: 1048576, execution time, 0.062836, result: 39.8671121783
Thread number: 160, segment number: 2097152, execution time, 0.124783, result: 39.8671121783
Thread number: 160, segment number: 4194304, execution time, 0.250452, result: 39.8671121783
Thread number: 160, segment number: 8388608, execution time, 0.507344, result: 39.8671121783
Thread number: 160, segment number: 16777216, execution time, 1.008301, result: 39.8671121783
Thread number: 160, segment number: 33554432, execution time, 2.049299, result: 39.8671121783
Thread number: 160, segment number: 67108864, execution time, 4.126998, result: 39.8671121783
Thread number: 160, segment number: 134217728, execution time, 8.106064, result: 39.8671121783


PS:

Read file <task1.out.816213.err> for stderr output of this job.
