Thread number: 80, segment number: 4194304, execution time, 0.246766, result: 39.8671121783
Thread number: 80, segment number: 8388608, execution time, 0.493795, result: 39.8671121783
Thread number: 80, segment number: 16777216, execution time, 0.987456, result: 39.8671121783
Thread number: 80, segment number: 33554432, execution time, 1.974764, result: 39.8671121783
Thread number: 80, segment number: 67108864, execution time, 3.949229, result: 39.8671121783
Thread number: 80, segment number: 134217728, execution time, 7.898916, result: 39.8671121783
Thread number: 81, segment number: 262144, execution time, 0.051782, result: 39.8671121783
Thread number: 81, segment number: 524288, execution time, 0.091473, result: 39.8671121783
Thread number: 81, segment number: 1048576, execution time, 0.165207, result: 39.8671121783
Thread number: 81, segment number: 2097152, execution time, 0.308703, result: 39.8671121783
Thread number: 81, segment number: 4194304, execution time, 0.609818, result: 39.8671121783
Thread number: 81, segment number: 8388608, execution time, 1.206288, result: 39.8671121783
Thread number: 81, segment number: 16777216, execution time, 2.407012, result: 39.8671121783
Thread number: 81, segment number: 33554432, execution time, 4.839042, result: 39.8671121783
Thread number: 81, segment number: 67108864, execution time, 9.722408, result: 39.8671121783
Thread number: 81, segment number: 134217728, execution time, 19.761997, result: 39.8671121783


PS:

Read file <task1.out.816306.err> for stderr output of this job.

[edu-cmc-skpod21-321-13@polus-ib working_catalog]$ clear

[edu-cmc-skpod21-321-13@polus-ib working_catalog]$ cat task1.out.816306.out 
Sender: LSF System <lsfadmin@polus-c1-ib.bmc.hpc.cs.msu.ru>
Subject: Job 816306: <# LSBATCH: User input;# this file was automaticly created by mpisubmit.pl script for edu-cmc-skpod21-321-13 #;source /polusfs/setenv/setup.SMPI;#BSUB -n 1;#BSUB -W 00:15;#BSUB -o task1.out.%J.out;#BSUB -e task1.out.%J.err;OMP_NUM_THREADS=79 mpiexec ./task1.out 79;OMP_NUM_THREADS=80 mpiexec ./task1.out 80;OMP_NUM_THREADS=81 mpiexec ./task1.out 81> in cluster <MSUCluster> Done

Job <# LSBATCH: User input;# this file was automaticly created by mpisubmit.pl script for edu-cmc-skpod21-321-13 #;source /polusfs/setenv/setup.SMPI;#BSUB -n 1;#BSUB -W 00:15;#BSUB -o task1.out.%J.out;#BSUB -e task1.out.%J.err;OMP_NUM_THREADS=79 mpiexec ./task1.out 79;OMP_NUM_THREADS=80 mpiexec ./task1.out 80;OMP_NUM_THREADS=81 mpiexec ./task1.out 81> was submitted from host <polus-ib.bmc.hpc.cs.msu.ru> by user <edu-cmc-skpod21-321-13> in cluster <MSUCluster> at Sat Nov 13 13:35:30 2021
Job was executed on host(s) <polus-c1-ib.bmc.hpc.cs.msu.ru>, in queue <short>, as user <edu-cmc-skpod21-321-13> in cluster <MSUCluster> at Sat Nov 13 13:35:32 2021
</home_edu/edu-cmc-skpod21-321/edu-cmc-skpod21-321-13> was used as the home directory.
</home_edu/edu-cmc-skpod21-321/edu-cmc-skpod21-321-13/working_catalog> was used as the working directory.
Started at Sat Nov 13 13:35:32 2021
Terminated at Sat Nov 13 13:36:44 2021
Results reported at Sat Nov 13 13:36:44 2021

Your job looked like:

------------------------------------------------------------
# LSBATCH: User input
# LSBATCH: User input
# this file was automaticly created by mpisubmit.pl script for edu-cmc-skpod21-321-13 #
source /polusfs/setenv/setup.SMPI
#BSUB -n 1
#BSUB -W 00:15
#BSUB -o task1.out.%J.out
#BSUB -e task1.out.%J.err
OMP_NUM_THREADS=79 mpiexec ./task1.out 79
OMP_NUM_THREADS=80 mpiexec ./task1.out 80
OMP_NUM_THREADS=81 mpiexec ./task1.out 81


------------------------------------------------------------

Successfully completed.

Resource usage summary:

    CPU time :                                   5644.87 sec.
    Max Memory :                                 30 MB
    Average Memory :                             27.46 MB
    Total Requested Memory :                     -
    Delta Memory :                               -
    Max Swap :                                   -
    Max Processes :                              5
    Max Threads :                                90
    Run time :                                   72 sec.
    Turnaround time :                            74 sec.

The output (if any) follows:

Thread number: 79, segment number: 262144, execution time, 0.028255, result: 39.8671121783
Thread number: 79, segment number: 524288, execution time, 0.030942, result: 39.8671121783
Thread number: 79, segment number: 1048576, execution time, 0.062094, result: 39.8671121783
Thread number: 79, segment number: 2097152, execution time, 0.123766, result: 39.8671121783
Thread number: 79, segment number: 4194304, execution time, 0.247323, result: 39.8671121783
Thread number: 79, segment number: 8388608, execution time, 0.494525, result: 39.8671121783
Thread number: 79, segment number: 16777216, execution time, 0.988736, result: 39.8671121783
Thread number: 79, segment number: 33554432, execution time, 1.977190, result: 39.8671121783
Thread number: 79, segment number: 67108864, execution time, 3.956022, result: 39.8671121783
Thread number: 79, segment number: 134217728, execution time, 7.916784, result: 39.8671121783
Thread number: 80, segment number: 262144, execution time, 0.027121, result: 39.8671121783
Thread number: 80, segment number: 524288, execution time, 0.030912, result: 39.8671121783
Thread number: 80, segment number: 1048576, execution time, 0.061778, result: 39.8671121783
Thread number: 80, segment number: 2097152, execution time, 0.123413, result: 39.8671121783
Thread number: 80, segment number: 4194304, execution time, 0.246766, result: 39.8671121783
Thread number: 80, segment number: 8388608, execution time, 0.493795, result: 39.8671121783
Thread number: 80, segment number: 16777216, execution time, 0.987456, result: 39.8671121783
Thread number: 80, segment number: 33554432, execution time, 1.974764, result: 39.8671121783
Thread number: 80, segment number: 67108864, execution time, 3.949229, result: 39.8671121783
Thread number: 80, segment number: 134217728, execution time, 7.898916, result: 39.8671121783
Thread number: 81, segment number: 262144, execution time, 0.051782, result: 39.8671121783
Thread number: 81, segment number: 524288, execution time, 0.091473, result: 39.8671121783
Thread number: 81, segment number: 1048576, execution time, 0.165207, result: 39.8671121783
Thread number: 81, segment number: 2097152, execution time, 0.308703, result: 39.8671121783
Thread number: 81, segment number: 4194304, execution time, 0.609818, result: 39.8671121783
Thread number: 81, segment number: 8388608, execution time, 1.206288, result: 39.8671121783
Thread number: 81, segment number: 16777216, execution time, 2.407012, result: 39.8671121783
Thread number: 81, segment number: 33554432, execution time, 4.839042, result: 39.8671121783
Thread number: 81, segment number: 67108864, execution time, 9.722408, result: 39.8671121783
Thread number: 81, segment number: 134217728, execution time, 19.761997, result: 39.8671121783


PS:

Read file <task1.out.816306.err> for stderr output of this job.

[edu-cmc-skpod21-321-13@polus-ib working_catalog]$ 

